// Jest Snapshot v1, https://goo.gl/fbAQLP

exports[`should render NotFound correctly 1`] = `
<div>
  <div>
    404 not match- 
    <Link
      replace={false}
      to="/"
    >
      Go Home
    </Link>
  </div>
</div>
`;
