// Jest Snapshot v1, https://goo.gl/fbAQLP

exports[`should render it  1`] = `
<div>
  <Link
    replace={false}
    to="/edit/1"
  >
    <h6>
      Gum
    </h6>
  </Link>
  <div>
    â‚¹ 1.95
     - 
    01/01/1970
  </div>
</div>
`;
